<html>
<body>
<pre>
<h1>µVision Build Log</h1>
<h2>Tool Versions:</h2>
IDE-Version: ¦ÌVision V5.36.0.0
Copyright (C) 2021 ARM Ltd and ARM Germany GmbH. All rights reserved.
License Information: zty ZTY, 1, LIC=CZLZX-HTD61-GK8BG-VRF4G-C7LGQ-H9R0Z
 
Tool Versions:
Toolchain:       MDK-ARM Plus  Version: 5.36.0.0
Toolchain Path:  E:\Program Files\Keil_v5\ARM\ARMCLANG\Bin
C Compiler:      ArmClang.exe V6.16
Assembler:       Armasm.exe V6.16
Linker/Locator:  ArmLink.exe V6.16
Library Manager: ArmAr.exe V6.16
Hex Converter:   FromElf.exe V6.16
CPU DLL:         
Dialog DLL:      
Target DLL:      Segger\JL2CM3.dll V2.99.40.0
Dialog DLL:      TCM.DLL V1.53.0.0
 
<h2>Project:</h2>
D:\Work_Data\SCUD\Project\Heiwushi\BOOT_GD32E503\boot\MDK-ARM\GD32E503V_EVAL.uvprojx
Project File Date:  04/07/2022

<h2>Output:</h2>
*** Using Compiler 'V6.16', folder: 'E:\Program Files\Keil_v5\ARM\ARMCLANG\Bin'
Build target 'GD32E503V_EVAL'
compiling main.c...
linking...
Program Size: Code=6316 RO-data=448 RW-data=20 ZI-data=1188  
FromELF: creating hex file...
".\output\PPS_Boot.axf" - 0 Error(s), 0 Warning(s).

<h2>Software Packages used:</h2>

Package Vendor: ARM
                http://www.keil.com/pack/ARM.CMSIS.5.8.0.pack
                ARM.CMSIS.5.8.0
                CMSIS (Common Microcontroller Software Interface Standard)
   * Component: CORE Version: 5.5.0

Package Vendor: GigaDevice
                http://gd32mcu.com/data/documents/pack/GigaDevice.GD32E50x_DFP.1.3.1.pack
                GigaDevice.GD32E50x_DFP.1.3.1
                GigaDevice GD32E50x Series Device Support and Examples

<h2>Collection of Component include folders:</h2>
  .\RTE\_GD32E503V_EVAL
  E:\Program Files\Keil_v5\Arm\Packs\ARM\CMSIS\5.8.0\CMSIS\Core\Include
  E:\Program Files\Keil_v5\Arm\Packs\GigaDevice\GD32E50x_DFP\1.3.1\Device\Include

<h2>Collection of Component Files used:</h2>

   * Component: ARM::CMSIS:CORE:5.5.0
Build Time Elapsed:  00:00:01
</pre>
</body>
</html>
